---
source: tests/runner.rs
assertion_line: 12
expression: mlir
---
module {
  llvm.func @llvm.readcyclecounter() -> i64
  llvm.func @llvm.ctpop.i64(i64) -> i64
  llvm.func @llvm.ctpop.i32(i32) -> i32
  func.func private @salt_yield_check(!llvm.ptr) -> ()
  func.func @safe_div(%arg_a: i32, %arg_b: i32, %region: !llvm.ptr) -> i32 {
    %c0 = arith.constant 0 : i32
    %c0_i64 = arith.constant 0 : i64
    %c1_i64 = arith.constant 1 : i64
    %true = arith.constant 1 : i1
    %cond = arith.cmpi "ne", %arg_b, %c0 : i32
    "salt.verify"(%cond) {kind = "requires"} : (i1) -> ()
    %const_1 = arith.constant 0 : i32
    func.return %const_1 : i32
  }

  func.func @main() {
    %c0 = arith.constant 0 : i32
    %c0_i64 = arith.constant 0 : i64
    %c1_i64 = arith.constant 1 : i64
    %true = arith.constant 1 : i1
    %region = llvm.mlir.zero : !llvm.ptr
    %const_2 = arith.constant 10 : i32
    %const_3 = arith.constant 0 : i32
    %res_call_4 = func.call @safe_div(%const_3, %region) : (i32, !llvm.ptr) -> i32
    %res_bin_5 = arith.ori %const_2, %res_call_4 : i32
    func.return
  }

}
